// Jest Snapshot v1, https://goo.gl/fbAQLP

exports[`Table.sorter renders sorter icon correctly 1`] = `
<thead
  class="ant-table-thead"
>
  <tr>
    <th
      class="ant-table-column-has-actions ant-table-column-has-sorters ant-table-row-cell-last"
    >
      <span
        class="ant-table-header-column"
      >
        <div
          class="ant-table-column-sorters"
        >
          <span
            class="ant-table-column-title"
          >
            Name
          </span>
          <span
            class="ant-table-column-sorter"
          >
            <div
              class="ant-table-column-sorter-inner ant-table-column-sorter-inner-full"
              title="Sort"
            >
              <i
                aria-label="icon: caret-up"
                class="anticon anticon-caret-up ant-table-column-sorter-up off"
              >
                <svg
                  aria-hidden="true"
                  class=""
                  data-icon="caret-up"
                  fill="currentColor"
                  focusable="false"
                  height="1em"
                  viewBox="0 0 1024 1024"
                  width="1em"
                >
                  <path
                    d="M858.9 689L530.5 308.2c-9.4-10.9-27.5-10.9-37 0L165.1 689c-12.2 14.2-1.2 35 18.5 35h656.8c19.7 0 30.7-20.8 18.5-35z"
                  />
                </svg>
              </i>
              <i
                aria-label="icon: caret-down"
                class="anticon anticon-caret-down ant-table-column-sorter-down off"
              >
                <svg
                  aria-hidden="true"
                  class=""
                  data-icon="caret-down"
                  fill="currentColor"
                  focusable="false"
                  height="1em"
                  viewBox="0 0 1024 1024"
                  width="1em"
                >
                  <path
                    d="M840.4 300H183.6c-19.7 0-30.7 20.8-18.5 35l328.4 380.8c9.4 10.9 27.5 10.9 37 0L858.9 335c12.2-14.2 1.2-35-18.5-35z"
                  />
                </svg>
              </i>
            </div>
          </span>
        </div>
      </span>
    </th>
  </tr>
</thead>
`;

exports[`Table.sorter should support defaultOrder in Column 1`] = `
<div
  class="ant-table-wrapper"
>
  <div
    class="ant-spin-nested-loading"
  >
    <div
      class="ant-spin-container"
    >
      <div
        class="ant-table ant-table-default ant-table-scroll-position-left"
      >
        <div
          class="ant-table-content"
        >
          <div
            class="ant-table-body"
          >
            <table
              class=""
            >
              <colgroup>
                <col />
              </colgroup>
              <thead
                class="ant-table-thead"
              >
                <tr>
                  <th
                    class="ant-table-column-has-actions ant-table-column-has-sorters ant-table-column-sort ant-table-row-cell-last"
                  >
                    <span
                      class="ant-table-header-column"
                    >
                      <div
                        class="ant-table-column-sorters"
                      >
                        <span
                          class="ant-table-column-title"
                        >
                          Age
                        </span>
                        <span
                          class="ant-table-column-sorter"
                        >
                          <div
                            class="ant-table-column-sorter-inner ant-table-column-sorter-inner-full"
                            title="Sort"
                          >
                            <i
                              aria-label="icon: caret-up"
                              class="anticon anticon-caret-up ant-table-column-sorter-up on"
                            >
                              <svg
                                aria-hidden="true"
                                class=""
                                data-icon="caret-up"
                                fill="currentColor"
                                focusable="false"
                                height="1em"
                                viewBox="0 0 1024 1024"
                                width="1em"
                              >
                                <path
                                  d="M858.9 689L530.5 308.2c-9.4-10.9-27.5-10.9-37 0L165.1 689c-12.2 14.2-1.2 35 18.5 35h656.8c19.7 0 30.7-20.8 18.5-35z"
                                />
                              </svg>
                            </i>
                            <i
                              aria-label="icon: caret-down"
                              class="anticon anticon-caret-down ant-table-column-sorter-down off"
                            >
                              <svg
                                aria-hidden="true"
                                class=""
                                data-icon="caret-down"
                                fill="currentColor"
                                focusable="false"
                                height="1em"
                                viewBox="0 0 1024 1024"
                                width="1em"
                              >
                                <path
                                  d="M840.4 300H183.6c-19.7 0-30.7 20.8-18.5 35l328.4 380.8c9.4 10.9 27.5 10.9 37 0L858.9 335c12.2-14.2 1.2-35-18.5-35z"
                                />
                              </svg>
                            </i>
                          </div>
                        </span>
                      </div>
                    </span>
                  </th>
                </tr>
              </thead>
              <tbody
                class="ant-table-tbody"
              >
                <tr
                  class="ant-table-row ant-table-row-level-0"
                  data-row-key="1"
                >
                  <td
                    class="ant-table-column-has-actions ant-table-column-has-sorters ant-table-column-sort"
                  >
                    1
                  </td>
                </tr>
              </tbody>
            </table>
          </div>
        </div>
      </div>
      <ul
        class="ant-pagination ant-table-pagination"
        unselectable="unselectable"
      >
        <li
          aria-disabled="true"
          class="ant-pagination-disabled ant-pagination-prev"
          title="Previous Page"
        >
          <a
            class="ant-pagination-item-link"
          >
            <i
              aria-label="icon: left"
              class="anticon anticon-left"
            >
              <svg
                aria-hidden="true"
                class=""
                data-icon="left"
                fill="currentColor"
                focusable="false"
                height="1em"
                viewBox="64 64 896 896"
                width="1em"
              >
                <path
                  d="M724 218.3V141c0-6.7-7.7-10.4-12.9-6.3L260.3 486.8a31.86 31.86 0 0 0 0 50.3l450.8 352.1c5.3 4.1 12.9.4 12.9-6.3v-77.3c0-4.9-2.3-9.6-6.1-12.6l-360-281 360-281.1c3.8-3 6.1-7.7 6.1-12.6z"
                />
              </svg>
            </i>
          </a>
        </li>
        <li
          class="ant-pagination-item ant-pagination-item-1 ant-pagination-item-active"
          tabindex="0"
          title="1"
        >
          <a>
            1
          </a>
        </li>
        <li
          aria-disabled="true"
          class="ant-pagination-disabled ant-pagination-next"
          title="Next Page"
        >
          <a
            class="ant-pagination-item-link"
          >
            <i
              aria-label="icon: right"
              class="anticon anticon-right"
            >
              <svg
                aria-hidden="true"
                class=""
                data-icon="right"
                fill="currentColor"
                focusable="false"
                height="1em"
                viewBox="64 64 896 896"
                width="1em"
              >
                <path
                  d="M765.7 486.8L314.9 134.7A7.97 7.97 0 0 0 302 141v77.3c0 4.9 2.3 9.6 6.1 12.6l360 281.1-360 281.1c-3.9 3-6.1 7.7-6.1 12.6V883c0 6.7 7.7 10.4 12.9 6.3l450.8-352.1a31.96 31.96 0 0 0 0-50.4z"
                />
              </svg>
            </i>
          </a>
        </li>
      </ul>
    </div>
  </div>
</div>
`;
