// Jest Snapshot v1, https://goo.gl/fbAQLP

exports[`renders ./components/tag/demo/animation.md correctly 1`] = `
<div>
  <div
    style="margin-bottom:16px"
  >
    <div>
      <span
        style="display:inline-block"
      >
        <span
          class="ant-tag"
        >
          Tag 1
          <i
            aria-label="icon: close"
            class="anticon anticon-close"
            tabindex="-1"
          >
            <svg
              aria-hidden="true"
              class=""
              data-icon="close"
              fill="currentColor"
              focusable="false"
              height="1em"
              viewBox="64 64 896 896"
              width="1em"
            >
              <path
                d="M563.8 512l262.5-312.9c4.4-5.2.7-13.1-6.1-13.1h-79.8c-4.7 0-9.2 2.1-12.3 5.7L511.6 449.8 295.1 191.7c-3-3.6-7.5-5.7-12.3-5.7H203c-6.8 0-10.5 7.9-6.1 13.1L459.4 512 196.9 824.9A7.95 7.95 0 0 0 203 838h79.8c4.7 0 9.2-2.1 12.3-5.7l216.5-258.1 216.5 258.1c3 3.6 7.5 5.7 12.3 5.7h79.8c6.8 0 10.5-7.9 6.1-13.1L563.8 512z"
              />
            </svg>
          </i>
        </span>
      </span>
      <span
        style="display:inline-block"
      >
        <span
          class="ant-tag"
        >
          Tag 2
          <i
            aria-label="icon: close"
            class="anticon anticon-close"
            tabindex="-1"
          >
            <svg
              aria-hidden="true"
              class=""
              data-icon="close"
              fill="currentColor"
              focusable="false"
              height="1em"
              viewBox="64 64 896 896"
              width="1em"
            >
              <path
                d="M563.8 512l262.5-312.9c4.4-5.2.7-13.1-6.1-13.1h-79.8c-4.7 0-9.2 2.1-12.3 5.7L511.6 449.8 295.1 191.7c-3-3.6-7.5-5.7-12.3-5.7H203c-6.8 0-10.5 7.9-6.1 13.1L459.4 512 196.9 824.9A7.95 7.95 0 0 0 203 838h79.8c4.7 0 9.2-2.1 12.3-5.7l216.5-258.1 216.5 258.1c3 3.6 7.5 5.7 12.3 5.7h79.8c6.8 0 10.5-7.9 6.1-13.1L563.8 512z"
              />
            </svg>
          </i>
        </span>
      </span>
      <span
        style="display:inline-block"
      >
        <span
          class="ant-tag"
        >
          Tag 3
          <i
            aria-label="icon: close"
            class="anticon anticon-close"
            tabindex="-1"
          >
            <svg
              aria-hidden="true"
              class=""
              data-icon="close"
              fill="currentColor"
              focusable="false"
              height="1em"
              viewBox="64 64 896 896"
              width="1em"
            >
              <path
                d="M563.8 512l262.5-312.9c4.4-5.2.7-13.1-6.1-13.1h-79.8c-4.7 0-9.2 2.1-12.3 5.7L511.6 449.8 295.1 191.7c-3-3.6-7.5-5.7-12.3-5.7H203c-6.8 0-10.5 7.9-6.1 13.1L459.4 512 196.9 824.9A7.95 7.95 0 0 0 203 838h79.8c4.7 0 9.2-2.1 12.3-5.7l216.5-258.1 216.5 258.1c3 3.6 7.5 5.7 12.3 5.7h79.8c6.8 0 10.5-7.9 6.1-13.1L563.8 512z"
              />
            </svg>
          </i>
        </span>
      </span>
    </div>
  </div>
  <span
    class="ant-tag"
    style="background:#fff;border-style:dashed"
  >
    <i
      aria-label="icon: plus"
      class="anticon anticon-plus"
    >
      <svg
        aria-hidden="true"
        class=""
        data-icon="plus"
        fill="currentColor"
        focusable="false"
        height="1em"
        viewBox="64 64 896 896"
        width="1em"
      >
        <path
          d="M482 152h60q8 0 8 8v704q0 8-8 8h-60q-8 0-8-8V160q0-8 8-8z"
        />
        <path
          d="M176 474h672q8 0 8 8v60q0 8-8 8H176q-8 0-8-8v-60q0-8 8-8z"
        />
      </svg>
    </i>
     New Tag
  </span>
</div>
`;

exports[`renders ./components/tag/demo/basic.md correctly 1`] = `
<div>
  <span
    class="ant-tag"
  >
    Tag 1
  </span>
  <span
    class="ant-tag"
  >
    <a
      href="https://github.com/ant-design/ant-design/issues/1862"
    >
      Link
    </a>
  </span>
  <span
    class="ant-tag"
  >
    Tag 2
    <i
      aria-label="icon: close"
      class="anticon anticon-close"
      tabindex="-1"
    >
      <svg
        aria-hidden="true"
        class=""
        data-icon="close"
        fill="currentColor"
        focusable="false"
        height="1em"
        viewBox="64 64 896 896"
        width="1em"
      >
        <path
          d="M563.8 512l262.5-312.9c4.4-5.2.7-13.1-6.1-13.1h-79.8c-4.7 0-9.2 2.1-12.3 5.7L511.6 449.8 295.1 191.7c-3-3.6-7.5-5.7-12.3-5.7H203c-6.8 0-10.5 7.9-6.1 13.1L459.4 512 196.9 824.9A7.95 7.95 0 0 0 203 838h79.8c4.7 0 9.2-2.1 12.3-5.7l216.5-258.1 216.5 258.1c3 3.6 7.5 5.7 12.3 5.7h79.8c6.8 0 10.5-7.9 6.1-13.1L563.8 512z"
        />
      </svg>
    </i>
  </span>
  <span
    class="ant-tag"
  >
    Prevent Default
    <i
      aria-label="icon: close"
      class="anticon anticon-close"
      tabindex="-1"
    >
      <svg
        aria-hidden="true"
        class=""
        data-icon="close"
        fill="currentColor"
        focusable="false"
        height="1em"
        viewBox="64 64 896 896"
        width="1em"
      >
        <path
          d="M563.8 512l262.5-312.9c4.4-5.2.7-13.1-6.1-13.1h-79.8c-4.7 0-9.2 2.1-12.3 5.7L511.6 449.8 295.1 191.7c-3-3.6-7.5-5.7-12.3-5.7H203c-6.8 0-10.5 7.9-6.1 13.1L459.4 512 196.9 824.9A7.95 7.95 0 0 0 203 838h79.8c4.7 0 9.2-2.1 12.3-5.7l216.5-258.1 216.5 258.1c3 3.6 7.5 5.7 12.3 5.7h79.8c6.8 0 10.5-7.9 6.1-13.1L563.8 512z"
        />
      </svg>
    </i>
  </span>
</div>
`;

exports[`renders ./components/tag/demo/checkable.md correctly 1`] = `
<div>
  <span
    class="ant-tag ant-tag-checkable ant-tag-checkable-checked"
  >
    Tag1
  </span>
  <span
    class="ant-tag ant-tag-checkable ant-tag-checkable-checked"
  >
    Tag2
  </span>
  <span
    class="ant-tag ant-tag-checkable ant-tag-checkable-checked"
  >
    Tag3
  </span>
</div>
`;

exports[`renders ./components/tag/demo/colorful.md correctly 1`] = `
<div>
  <h4
    style="margin-bottom:16px"
  >
    Presets:
  </h4>
  <div>
    <span
      class="ant-tag ant-tag-magenta"
    >
      magenta
    </span>
    <span
      class="ant-tag ant-tag-red"
    >
      red
    </span>
    <span
      class="ant-tag ant-tag-volcano"
    >
      volcano
    </span>
    <span
      class="ant-tag ant-tag-orange"
    >
      orange
    </span>
    <span
      class="ant-tag ant-tag-gold"
    >
      gold
    </span>
    <span
      class="ant-tag ant-tag-lime"
    >
      lime
    </span>
    <span
      class="ant-tag ant-tag-green"
    >
      green
    </span>
    <span
      class="ant-tag ant-tag-cyan"
    >
      cyan
    </span>
    <span
      class="ant-tag ant-tag-blue"
    >
      blue
    </span>
    <span
      class="ant-tag ant-tag-geekblue"
    >
      geekblue
    </span>
    <span
      class="ant-tag ant-tag-purple"
    >
      purple
    </span>
  </div>
  <h4
    style="margin:16px 0"
  >
    Custom:
  </h4>
  <div>
    <span
      class="ant-tag ant-tag-has-color"
      style="background-color:#f50"
    >
      #f50
    </span>
    <span
      class="ant-tag ant-tag-has-color"
      style="background-color:#2db7f5"
    >
      #2db7f5
    </span>
    <span
      class="ant-tag ant-tag-has-color"
      style="background-color:#87d068"
    >
      #87d068
    </span>
    <span
      class="ant-tag ant-tag-has-color"
      style="background-color:#108ee9"
    >
      #108ee9
    </span>
  </div>
</div>
`;

exports[`renders ./components/tag/demo/control.md correctly 1`] = `
<div>
  <span
    class="ant-tag"
  >
    Unremovable
  </span>
  <span
    class="ant-tag"
  >
    Tag 2
    <i
      aria-label="icon: close"
      class="anticon anticon-close"
      tabindex="-1"
    >
      <svg
        aria-hidden="true"
        class=""
        data-icon="close"
        fill="currentColor"
        focusable="false"
        height="1em"
        viewBox="64 64 896 896"
        width="1em"
      >
        <path
          d="M563.8 512l262.5-312.9c4.4-5.2.7-13.1-6.1-13.1h-79.8c-4.7 0-9.2 2.1-12.3 5.7L511.6 449.8 295.1 191.7c-3-3.6-7.5-5.7-12.3-5.7H203c-6.8 0-10.5 7.9-6.1 13.1L459.4 512 196.9 824.9A7.95 7.95 0 0 0 203 838h79.8c4.7 0 9.2-2.1 12.3-5.7l216.5-258.1 216.5 258.1c3 3.6 7.5 5.7 12.3 5.7h79.8c6.8 0 10.5-7.9 6.1-13.1L563.8 512z"
        />
      </svg>
    </i>
  </span>
  <span
    class="ant-tag"
  >
    Tag 3
    <i
      aria-label="icon: close"
      class="anticon anticon-close"
      tabindex="-1"
    >
      <svg
        aria-hidden="true"
        class=""
        data-icon="close"
        fill="currentColor"
        focusable="false"
        height="1em"
        viewBox="64 64 896 896"
        width="1em"
      >
        <path
          d="M563.8 512l262.5-312.9c4.4-5.2.7-13.1-6.1-13.1h-79.8c-4.7 0-9.2 2.1-12.3 5.7L511.6 449.8 295.1 191.7c-3-3.6-7.5-5.7-12.3-5.7H203c-6.8 0-10.5 7.9-6.1 13.1L459.4 512 196.9 824.9A7.95 7.95 0 0 0 203 838h79.8c4.7 0 9.2-2.1 12.3-5.7l216.5-258.1 216.5 258.1c3 3.6 7.5 5.7 12.3 5.7h79.8c6.8 0 10.5-7.9 6.1-13.1L563.8 512z"
        />
      </svg>
    </i>
  </span>
  <span
    class="ant-tag"
    style="background:#fff;border-style:dashed"
  >
    <i
      aria-label="icon: plus"
      class="anticon anticon-plus"
    >
      <svg
        aria-hidden="true"
        class=""
        data-icon="plus"
        fill="currentColor"
        focusable="false"
        height="1em"
        viewBox="64 64 896 896"
        width="1em"
      >
        <path
          d="M482 152h60q8 0 8 8v704q0 8-8 8h-60q-8 0-8-8V160q0-8 8-8z"
        />
        <path
          d="M176 474h672q8 0 8 8v60q0 8-8 8H176q-8 0-8-8v-60q0-8 8-8z"
        />
      </svg>
    </i>
     New Tag
  </span>
</div>
`;

exports[`renders ./components/tag/demo/controlled.md correctly 1`] = `
<div>
  <span
    class="ant-tag"
  >
    Movies
    <i
      aria-label="icon: close"
      class="anticon anticon-close"
      tabindex="-1"
    >
      <svg
        aria-hidden="true"
        class=""
        data-icon="close"
        fill="currentColor"
        focusable="false"
        height="1em"
        viewBox="64 64 896 896"
        width="1em"
      >
        <path
          d="M563.8 512l262.5-312.9c4.4-5.2.7-13.1-6.1-13.1h-79.8c-4.7 0-9.2 2.1-12.3 5.7L511.6 449.8 295.1 191.7c-3-3.6-7.5-5.7-12.3-5.7H203c-6.8 0-10.5 7.9-6.1 13.1L459.4 512 196.9 824.9A7.95 7.95 0 0 0 203 838h79.8c4.7 0 9.2-2.1 12.3-5.7l216.5-258.1 216.5 258.1c3 3.6 7.5 5.7 12.3 5.7h79.8c6.8 0 10.5-7.9 6.1-13.1L563.8 512z"
        />
      </svg>
    </i>
  </span>
  <br />
  <button
    class="ant-btn ant-btn-sm"
    type="button"
  >
    <span>
      Toggle
    </span>
  </button>
</div>
`;

exports[`renders ./components/tag/demo/hot-tags.md correctly 1`] = `
<div>
  <span
    style="margin-right:8px"
  >
    Categories:
  </span>
  <span
    class="ant-tag ant-tag-checkable"
  >
    Movies
  </span>
  <span
    class="ant-tag ant-tag-checkable"
  >
    Books
  </span>
  <span
    class="ant-tag ant-tag-checkable"
  >
    Music
  </span>
  <span
    class="ant-tag ant-tag-checkable"
  >
    Sports
  </span>
</div>
`;
